src/app/account/orders/[id]/page.tsx(321,95): error TS2339: Property 'multiSubToken' does not exist on type 'OrderDetail'.
src/app/account/vpn-keys/page.tsx(139,105): error TS2339: Property 'multiSubToken' does not exist on type 'VpnOrder'.
src/app/api/admin/analytics/route.ts(393,44): error TS1117: An object literal cannot have multiple properties with the same name.
src/app/api/admin/analytics/route.ts(400,48): error TS1117: An object literal cannot have multiple properties with the same name.
src/app/api/admin/support/[id]/route.ts(94,11): error TS2353: Object literal may only specify known properties, and 'link' does not exist in type '{ user: string | ObjectId; type: NotificationType; title: string; message: string; orderId?: string | ObjectId | undefined; }'.
src/app/api/admin/support/[id]/route.ts(125,9): error TS2353: Object literal may only specify known properties, and 'link' does not exist in type '{ user: string | ObjectId; type: NotificationType; title: string; message: string; orderId?: string | ObjectId | undefined; }'.
src/app/api/stripe/checkout/route.ts(96,28): error TS2339: Property 'url' does not exist on type 'StripeCheckoutSession'.
src/app/api/stripe/webhook/route.ts(76,9): error TS2322: Type 'string' is not assignable to type 'ObjectId'.
src/app/api/stripe/webhook/route.ts(103,9): error TS2353: Object literal may only specify known properties, and 'link' does not exist in type '{ user: string | ObjectId; type: NotificationType; title: string; message: string; orderId?: string | ObjectId | undefined; }'.
src/app/api/vpn/sub/[token]/route.ts(38,18): error TS2339: Property 'expiryTime' does not exist on type 'FlattenMaps<IVpnKeyItem>'.
src/app/api/vpn/sub/[token]/route.ts(38,54): error TS2339: Property 'expiryTime' does not exist on type 'FlattenMaps<IVpnKeyItem>'.
src/components/AiChatWidget.tsx(95,60): error TS1501: This regular expression flag is only available when targeting 'es2018' or later.
src/lib/order-actions.ts(23,41): error TS2305: Module '"@/lib/xui"' has no exported member 'VpnProvisionResult'.
src/lib/telegram-bot/handlers/free-test.ts(119,25): error TS2304: Cannot find name 'messageId'.
src/lib/telegram-bot/handlers/free-test.ts(129,23): error TS2304: Cannot find name 'messageId'.
src/lib/telegram-bot/handlers/free-test.ts(152,27): error TS2304: Cannot find name 'messageId'.
src/lib/telegram-bot/handlers/free-test.ts(160,27): error TS2304: Cannot find name 'messageId'.
src/lib/telegram-bot/handlers/free-test.ts(176,27): error TS2304: Cannot find name 'messageId'.
src/lib/telegram-bot/handlers/free-test.ts(207,25): error TS2304: Cannot find name 'messageId'.
src/lib/telegram-bot/handlers/shop.ts(73,12): error TS2554: Expected 2-3 arguments, but got 1.
src/lib/telegram-bot/handlers/vps.ts(2,10): error TS2614: Module '"@/lib/mongodb"' has no exported member 'connectDB'. Did you mean to use 'import connectDB from "@/lib/mongodb"' instead?
src/lib/telegram-bot/handlers/vps.ts(47,13): error TS2339: Property 'answerCbQuery' does not exist on type 'BotContext'.
src/lib/telegram-bot/handlers/vps.ts(47,38): error TS2339: Property 'answerCbQuery' does not exist on type 'BotContext'.
src/lib/telegram-bot/handlers/vps.ts(51,11): error TS2339: Property 'session' does not exist on type 'BotContext'.
src/lib/telegram-bot/handlers/vps.ts(52,9): error TS2339: Property 'session' does not exist on type 'BotContext'.
src/lib/telegram-bot/handlers/vps.ts(85,69): error TS2339: Property 'fromUser' does not exist on type 'BotContext'.
src/lib/telegram-bot/index.ts(270,13): error TS2554: Expected 2-3 arguments, but got 1.
src/lib/telegram-bot/index.ts(283,15): error TS2554: Expected 2-3 arguments, but got 1.
src/lib/telegram-bot/index.ts(474,9): error TS2345: Argument of type 'number | undefined' is not assignable to parameter of type 'number'.
  Type 'undefined' is not assignable to type 'number'.
src/lib/telegram-bot/messages.ts(9,22): error TS7006: Parameter 'name' implicitly has an 'any' type.
src/lib/telegram-bot/messages.ts(9,28): error TS7006: Parameter 'lang' implicitly has an 'any' type.
src/lib/telegram-bot/messages.ts(13,19): error TS7006: Parameter 'lang' implicitly has an 'any' type.
src/lib/telegram-bot/messages.ts(17,22): error TS7006: Parameter 'lang' implicitly has an 'any' type.
